// Jest Snapshot v1, https://goo.gl/fbAQLP

exports[`renders the components 1`] = `
<div>
  <button
    data-testid="Rithi"
    onClick={[Function]}
  >
    Click here
  </button>
  <h1>
     Hello Raj
  </h1>
  <h2>
    Hello 
    Rajkumar
     
  </h2>
</div>
`;
